[2026-04-24 16:14:16] local.DEBUG: Stripe webhook ignored {"event_type":"customer.created"} 
[2026-04-24 16:14:17] local.DEBUG: Stripe webhook ignored {"event_type":"payment_intent.created"} 
[2026-04-24 16:15:26] local.DEBUG: Stripe webhook ignored {"event_type":"customer.updated"} 
[2026-04-24 16:15:27] local.WARNING: Stripe event {"event":"payment_intent.succeeded","mapped_status":2} 
[2026-04-24 16:15:27] local.WARNING: pspTransaction table update {"status":"succeeded"} 
[2026-04-24 16:15:28] local.WARNING: Stripe event {"event":"charge.succeeded","mapped_status":1} 
[2026-04-24 16:15:28] local.WARNING: pspTransaction table update {"status":"succeeded"} 
[2026-04-24 16:15:29] local.ERROR: View [stripe-checkout.processing] not found. {"exception":"[object] (InvalidArgumentException(code: 0): View [stripe-checkout.processing] not found. at E:\\php_8_1_2\\htdocs\\webhook_stripe\\vendor\\laravel\\framework\\src\\Illuminate\\View\\FileViewFinder.php:137)
[stacktrace]
#0 E:\\php_8_1_2\\htdocs\\webhook_stripe\\vendor\\laravel\\framework\\src\\Illuminate\\View\\FileViewFinder.php(79): Illuminate\\View\\FileViewFinder->findInPaths('stripe-checkout...', Array)
#1 E:\\php_8_1_2\\htdocs\\webhook_stripe\\vendor\\laravel\\framework\\src\\Illuminate\\View\\Factory.php(138): Illuminate\\View\\FileViewFinder->find('stripe-checkout...')
#2 E:\\php_8_1_2\\htdocs\\webhook_stripe\\vendor\\laravel\\framework\\src\\Illuminate\\Foundation\\helpers.php(1035): Illuminate\\View\\Factory->make('stripe-checkout...', Array, Array)
#3 E:\\php_8_1_2\\htdocs\\webhook_stripe\\app\\Http\\Controllers\\StripePaymentController.php(155): view('stripe-checkout...')
#4 E:\\php_8_1_2\\htdocs\\webhook_stripe\\vendor\\laravel\\framework\\src\\Illuminate\\Routing\\Controller.php(54): App\\Http\\Controllers\\StripePaymentController->processing()
#5 E:\\php_8_1_2\\htdocs\\webhook_stripe\\vendor\\laravel\\framework\\src\\Illuminate\\Routing\\ControllerDispatcher.php(43): Illuminate\\Routing\\Controller->callAction('processing', Array)
#6 E:\\php_8_1_2\\htdocs\\webhook_stripe\\vendor\\laravel\\framework\\src\\Illuminate\\Routing\\Route.php(260): Illuminate\\Routing\\ControllerDispatcher->dispatch(Object(Illuminate\\Routing\\Route), Object(App\\Http\\Controllers\\StripePaymentController), 'processing')
#7 E:\\php_8_1_2\\htdocs\\webhook_stripe\\vendor\\laravel\\framework\\src\\Illuminate\\Routing\\Route.php(205): Illuminate\\Routing\\Route->runController()
#8 E:\\php_8_1_2\\htdocs\\webhook_stripe\\vendor\\laravel\\framework\\src\\Illuminate\\Routing\\Router.php(798): Illuminate\\Routing\\Route->run()
#9 E:\\php_8_1_2\\htdocs\\webhook_stripe\\vendor\\laravel\\framework\\src\\Illuminate\\Pipeline\\Pipeline.php(141): Illuminate\\Routing\\Router->Illuminate\\Routing\\{closure}(Object(Illuminate\\Http\\Request))
#10 E:\\php_8_1_2\\htdocs\\webhook_stripe\\vendor\\laravel\\framework\\src\\Illuminate\\Routing\\Middleware\\SubstituteBindings.php(50): Illuminate\\Pipeline\\Pipeline->Illuminate\\Pipeline\\{closure}(Object(Illuminate\\Http\\Request))
#11 E:\\php_8_1_2\\htdocs\\webhook_stripe\\vendor\\laravel\\framework\\src\\Illuminate\\Pipeline\\Pipeline.php(180): Illuminate\\Routing\\Middleware\\SubstituteBindings->handle(Object(Illuminate\\Http\\Request), Object(Closure))
#12 E:\\php_8_1_2\\htdocs\\webhook_stripe\\vendor\\laravel\\framework\\src\\Illuminate\\Foundation\\Http\\Middleware\\VerifyCsrfToken.php(78): Illuminate\\Pipeline\\Pipeline->Illuminate\\Pipeline\\{closure}(Object(Illuminate\\Http\\Request))
#13 E:\\php_8_1_2\\htdocs\\webhook_stripe\\vendor\\laravel\\framework\\src\\Illuminate\\Pipeline\\Pipeline.php(180): Illuminate\\Foundation\\Http\\Middleware\\VerifyCsrfToken->handle(Object(Illuminate\\Http\\Request), Object(Closure))
#14 E:\\php_8_1_2\\htdocs\\webhook_stripe\\vendor\\laravel\\framework\\src\\Illuminate\\View\\Middleware\\ShareErrorsFromSession.php(49): Illuminate\\Pipeline\\Pipeline->Illuminate\\Pipeline\\{closure}(Object(Illuminate\\Http\\Request))
#15 E:\\php_8_1_2\\htdocs\\webhook_stripe\\vendor\\laravel\\framework\\src\\Illuminate\\Pipeline\\Pipeline.php(180): Illuminate\\View\\Middleware\\ShareErrorsFromSession->handle(Object(Illuminate\\Http\\Request), Object(Closure))
#16 E:\\php_8_1_2\\htdocs\\webhook_stripe\\vendor\\laravel\\framework\\src\\Illuminate\\Session\\Middleware\\StartSession.php(121): Illuminate\\Pipeline\\Pipeline->Illuminate\\Pipeline\\{closure}(Object(Illuminate\\Http\\Request))
#17 E:\\php_8_1_2\\htdocs\\webhook_stripe\\vendor\\laravel\\framework\\src\\Illuminate\\Session\\Middleware\\StartSession.php(64): Illuminate\\Session\\Middleware\\StartSession->handleStatefulRequest(Object(Illuminate\\Http\\Request), Object(Illuminate\\Session\\Store), Object(Closure))
#18 E:\\php_8_1_2\\htdocs\\webhook_stripe\\vendor\\laravel\\framework\\src\\Illuminate\\Pipeline\\Pipeline.php(180): Illuminate\\Session\\Middleware\\StartSession->handle(Object(Illuminate\\Http\\Request), Object(Closure))
#19 E:\\php_8_1_2\\htdocs\\webhook_stripe\\vendor\\laravel\\framework\\src\\Illuminate\\Cookie\\Middleware\\AddQueuedCookiesToResponse.php(37): Illuminate\\Pipeline\\Pipeline->Illuminate\\Pipeline\\{closure}(Object(Illuminate\\Http\\Request))
#20 E:\\php_8_1_2\\htdocs\\webhook_stripe\\vendor\\laravel\\framework\\src\\Illuminate\\Pipeline\\Pipeline.php(180): Illuminate\\Cookie\\Middleware\\AddQueuedCookiesToResponse->handle(Object(Illuminate\\Http\\Request), Object(Closure))
#21 E:\\php_8_1_2\\htdocs\\webhook_stripe\\vendor\\laravel\\framework\\src\\Illuminate\\Cookie\\Middleware\\EncryptCookies.php(67): Illuminate\\Pipeline\\Pipeline->Illuminate\\Pipeline\\{closure}(Object(Illuminate\\Http\\Request))
#22 E:\\php_8_1_2\\htdocs\\webhook_stripe\\vendor\\laravel\\framework\\src\\Illuminate\\Pipeline\\Pipeline.php(180): Illuminate\\Cookie\\Middleware\\EncryptCookies->handle(Object(Illuminate\\Http\\Request), Object(Closure))
#23 E:\\php_8_1_2\\htdocs\\webhook_stripe\\vendor\\laravel\\framework\\src\\Illuminate\\Pipeline\\Pipeline.php(116): Illuminate\\Pipeline\\Pipeline->Illuminate\\Pipeline\\{closure}(Object(Illuminate\\Http\\Request))
#24 E:\\php_8_1_2\\htdocs\\webhook_stripe\\vendor\\laravel\\framework\\src\\Illuminate\\Routing\\Router.php(799): Illuminate\\Pipeline\\Pipeline->then(Object(Closure))
#25 E:\\php_8_1_2\\htdocs\\webhook_stripe\\vendor\\laravel\\framework\\src\\Illuminate\\Routing\\Router.php(776): Illuminate\\Routing\\Router->runRouteWithinStack(Object(Illuminate\\Routing\\Route), Object(Illuminate\\Http\\Request))
#26 E:\\php_8_1_2\\htdocs\\webhook_stripe\\vendor\\laravel\\framework\\src\\Illuminate\\Routing\\Router.php(740): Illuminate\\Routing\\Router->runRoute(Object(Illuminate\\Http\\Request), Object(Illuminate\\Routing\\Route))
#27 E:\\php_8_1_2\\htdocs\\webhook_stripe\\vendor\\laravel\\framework\\src\\Illuminate\\Routing\\Router.php(729): Illuminate\\Routing\\Router->dispatchToRoute(Object(Illuminate\\Http\\Request))
#28 E:\\php_8_1_2\\htdocs\\webhook_stripe\\vendor\\laravel\\framework\\src\\Illuminate\\Foundation\\Http\\Kernel.php(190): Illuminate\\Routing\\Router->dispatch(Object(Illuminate\\Http\\Request))
#29 E:\\php_8_1_2\\htdocs\\webhook_stripe\\vendor\\laravel\\framework\\src\\Illuminate\\Pipeline\\Pipeline.php(141): Illuminate\\Foundation\\Http\\Kernel->Illuminate\\Foundation\\Http\\{closure}(Object(Illuminate\\Http\\Request))
#30 E:\\php_8_1_2\\htdocs\\webhook_stripe\\vendor\\laravel\\framework\\src\\Illuminate\\Foundation\\Http\\Middleware\\TransformsRequest.php(21): Illuminate\\Pipeline\\Pipeline->Illuminate\\Pipeline\\{closure}(Object(Illuminate\\Http\\Request))
#31 E:\\php_8_1_2\\htdocs\\webhook_stripe\\vendor\\laravel\\framework\\src\\Illuminate\\Foundation\\Http\\Middleware\\ConvertEmptyStringsToNull.php(31): Illuminate\\Foundation\\Http\\Middleware\\TransformsRequest->handle(Object(Illuminate\\Http\\Request), Object(Closure))
#32 E:\\php_8_1_2\\htdocs\\webhook_stripe\\vendor\\laravel\\framework\\src\\Illuminate\\Pipeline\\Pipeline.php(180): Illuminate\\Foundation\\Http\\Middleware\\ConvertEmptyStringsToNull->handle(Object(Illuminate\\Http\\Request), Object(Closure))
#33 E:\\php_8_1_2\\htdocs\\webhook_stripe\\vendor\\laravel\\framework\\src\\Illuminate\\Foundation\\Http\\Middleware\\TransformsRequest.php(21): Illuminate\\Pipeline\\Pipeline->Illuminate\\Pipeline\\{closure}(Object(Illuminate\\Http\\Request))
#34 E:\\php_8_1_2\\htdocs\\webhook_stripe\\vendor\\laravel\\framework\\src\\Illuminate\\Foundation\\Http\\Middleware\\TrimStrings.php(40): Illuminate\\Foundation\\Http\\Middleware\\TransformsRequest->handle(Object(Illuminate\\Http\\Request), Object(Closure))
#35 E:\\php_8_1_2\\htdocs\\webhook_stripe\\vendor\\laravel\\framework\\src\\Illuminate\\Pipeline\\Pipeline.php(180): Illuminate\\Foundation\\Http\\Middleware\\TrimStrings->handle(Object(Illuminate\\Http\\Request), Object(Closure))
#36 E:\\php_8_1_2\\htdocs\\webhook_stripe\\vendor\\laravel\\framework\\src\\Illuminate\\Foundation\\Http\\Middleware\\ValidatePostSize.php(27): Illuminate\\Pipeline\\Pipeline->Illuminate\\Pipeline\\{closure}(Object(Illuminate\\Http\\Request))
#37 E:\\php_8_1_2\\htdocs\\webhook_stripe\\vendor\\laravel\\framework\\src\\Illuminate\\Pipeline\\Pipeline.php(180): Illuminate\\Foundation\\Http\\Middleware\\ValidatePostSize->handle(Object(Illuminate\\Http\\Request), Object(Closure))
#38 E:\\php_8_1_2\\htdocs\\webhook_stripe\\vendor\\laravel\\framework\\src\\Illuminate\\Foundation\\Http\\Middleware\\PreventRequestsDuringMaintenance.php(86): Illuminate\\Pipeline\\Pipeline->Illuminate\\Pipeline\\{closure}(Object(Illuminate\\Http\\Request))
#39 E:\\php_8_1_2\\htdocs\\webhook_stripe\\vendor\\laravel\\framework\\src\\Illuminate\\Pipeline\\Pipeline.php(180): Illuminate\\Foundation\\Http\\Middleware\\PreventRequestsDuringMaintenance->handle(Object(Illuminate\\Http\\Request), Object(Closure))
#40 E:\\php_8_1_2\\htdocs\\webhook_stripe\\vendor\\laravel\\framework\\src\\Illuminate\\Http\\Middleware\\HandleCors.php(49): Illuminate\\Pipeline\\Pipeline->Illuminate\\Pipeline\\{closure}(Object(Illuminate\\Http\\Request))
#41 E:\\php_8_1_2\\htdocs\\webhook_stripe\\vendor\\laravel\\framework\\src\\Illuminate\\Pipeline\\Pipeline.php(180): Illuminate\\Http\\Middleware\\HandleCors->handle(Object(Illuminate\\Http\\Request), Object(Closure))
#42 E:\\php_8_1_2\\htdocs\\webhook_stripe\\vendor\\laravel\\framework\\src\\Illuminate\\Http\\Middleware\\TrustProxies.php(39): Illuminate\\Pipeline\\Pipeline->Illuminate\\Pipeline\\{closure}(Object(Illuminate\\Http\\Request))
#43 E:\\php_8_1_2\\htdocs\\webhook_stripe\\vendor\\laravel\\framework\\src\\Illuminate\\Pipeline\\Pipeline.php(180): Illuminate\\Http\\Middleware\\TrustProxies->handle(Object(Illuminate\\Http\\Request), Object(Closure))
#44 E:\\php_8_1_2\\htdocs\\webhook_stripe\\vendor\\laravel\\framework\\src\\Illuminate\\Pipeline\\Pipeline.php(116): Illuminate\\Pipeline\\Pipeline->Illuminate\\Pipeline\\{closure}(Object(Illuminate\\Http\\Request))
#45 E:\\php_8_1_2\\htdocs\\webhook_stripe\\vendor\\laravel\\framework\\src\\Illuminate\\Foundation\\Http\\Kernel.php(165): Illuminate\\Pipeline\\Pipeline->then(Object(Closure))
#46 E:\\php_8_1_2\\htdocs\\webhook_stripe\\vendor\\laravel\\framework\\src\\Illuminate\\Foundation\\Http\\Kernel.php(134): Illuminate\\Foundation\\Http\\Kernel->sendRequestThroughRouter(Object(Illuminate\\Http\\Request))
#47 E:\\php_8_1_2\\htdocs\\webhook_stripe\\public\\index.php(52): Illuminate\\Foundation\\Http\\Kernel->handle(Object(Illuminate\\Http\\Request))
#48 E:\\php_8_1_2\\htdocs\\webhook_stripe\\vendor\\laravel\\framework\\src\\Illuminate\\Foundation\\resources\\server.php(16): require_once('E:\\\\php_8_1_2\\\\ht...')
#49 {main}
"} 
[2026-04-24 16:15:30] local.DEBUG: Stripe webhook ignored {"event_type":"charge.updated"} 
[2026-04-24 16:16:02] local.ERROR: View [flip-hotels-payments.success] not found. {"exception":"[object] (InvalidArgumentException(code: 0): View [flip-hotels-payments.success] not found. at E:\\php_8_1_2\\htdocs\\webhook_stripe\\vendor\\laravel\\framework\\src\\Illuminate\\View\\FileViewFinder.php:137)
[stacktrace]
#0 E:\\php_8_1_2\\htdocs\\webhook_stripe\\vendor\\laravel\\framework\\src\\Illuminate\\View\\FileViewFinder.php(79): Illuminate\\View\\FileViewFinder->findInPaths('flip-hotels-pay...', Array)
#1 E:\\php_8_1_2\\htdocs\\webhook_stripe\\vendor\\laravel\\framework\\src\\Illuminate\\View\\Factory.php(138): Illuminate\\View\\FileViewFinder->find('flip-hotels-pay...')
#2 E:\\php_8_1_2\\htdocs\\webhook_stripe\\vendor\\laravel\\framework\\src\\Illuminate\\Foundation\\helpers.php(1035): Illuminate\\View\\Factory->make('flip-hotels-pay...', Array, Array)
#3 E:\\php_8_1_2\\htdocs\\webhook_stripe\\app\\Http\\Controllers\\StripePaymentController.php(135): view('flip-hotels-pay...')
#4 E:\\php_8_1_2\\htdocs\\webhook_stripe\\vendor\\laravel\\framework\\src\\Illuminate\\Routing\\Controller.php(54): App\\Http\\Controllers\\StripePaymentController->success()
#5 E:\\php_8_1_2\\htdocs\\webhook_stripe\\vendor\\laravel\\framework\\src\\Illuminate\\Routing\\ControllerDispatcher.php(43): Illuminate\\Routing\\Controller->callAction('success', Array)
#6 E:\\php_8_1_2\\htdocs\\webhook_stripe\\vendor\\laravel\\framework\\src\\Illuminate\\Routing\\Route.php(260): Illuminate\\Routing\\ControllerDispatcher->dispatch(Object(Illuminate\\Routing\\Route), Object(App\\Http\\Controllers\\StripePaymentController), 'success')
#7 E:\\php_8_1_2\\htdocs\\webhook_stripe\\vendor\\laravel\\framework\\src\\Illuminate\\Routing\\Route.php(205): Illuminate\\Routing\\Route->runController()
#8 E:\\php_8_1_2\\htdocs\\webhook_stripe\\vendor\\laravel\\framework\\src\\Illuminate\\Routing\\Router.php(798): Illuminate\\Routing\\Route->run()
#9 E:\\php_8_1_2\\htdocs\\webhook_stripe\\vendor\\laravel\\framework\\src\\Illuminate\\Pipeline\\Pipeline.php(141): Illuminate\\Routing\\Router->Illuminate\\Routing\\{closure}(Object(Illuminate\\Http\\Request))
#10 E:\\php_8_1_2\\htdocs\\webhook_stripe\\vendor\\laravel\\framework\\src\\Illuminate\\Routing\\Middleware\\SubstituteBindings.php(50): Illuminate\\Pipeline\\Pipeline->Illuminate\\Pipeline\\{closure}(Object(Illuminate\\Http\\Request))
#11 E:\\php_8_1_2\\htdocs\\webhook_stripe\\vendor\\laravel\\framework\\src\\Illuminate\\Pipeline\\Pipeline.php(180): Illuminate\\Routing\\Middleware\\SubstituteBindings->handle(Object(Illuminate\\Http\\Request), Object(Closure))
#12 E:\\php_8_1_2\\htdocs\\webhook_stripe\\vendor\\laravel\\framework\\src\\Illuminate\\Foundation\\Http\\Middleware\\VerifyCsrfToken.php(78): Illuminate\\Pipeline\\Pipeline->Illuminate\\Pipeline\\{closure}(Object(Illuminate\\Http\\Request))
#13 E:\\php_8_1_2\\htdocs\\webhook_stripe\\vendor\\laravel\\framework\\src\\Illuminate\\Pipeline\\Pipeline.php(180): Illuminate\\Foundation\\Http\\Middleware\\VerifyCsrfToken->handle(Object(Illuminate\\Http\\Request), Object(Closure))
#14 E:\\php_8_1_2\\htdocs\\webhook_stripe\\vendor\\laravel\\framework\\src\\Illuminate\\View\\Middleware\\ShareErrorsFromSession.php(49): Illuminate\\Pipeline\\Pipeline->Illuminate\\Pipeline\\{closure}(Object(Illuminate\\Http\\Request))
#15 E:\\php_8_1_2\\htdocs\\webhook_stripe\\vendor\\laravel\\framework\\src\\Illuminate\\Pipeline\\Pipeline.php(180): Illuminate\\View\\Middleware\\ShareErrorsFromSession->handle(Object(Illuminate\\Http\\Request), Object(Closure))
#16 E:\\php_8_1_2\\htdocs\\webhook_stripe\\vendor\\laravel\\framework\\src\\Illuminate\\Session\\Middleware\\StartSession.php(121): Illuminate\\Pipeline\\Pipeline->Illuminate\\Pipeline\\{closure}(Object(Illuminate\\Http\\Request))
#17 E:\\php_8_1_2\\htdocs\\webhook_stripe\\vendor\\laravel\\framework\\src\\Illuminate\\Session\\Middleware\\StartSession.php(64): Illuminate\\Session\\Middleware\\StartSession->handleStatefulRequest(Object(Illuminate\\Http\\Request), Object(Illuminate\\Session\\Store), Object(Closure))
#18 E:\\php_8_1_2\\htdocs\\webhook_stripe\\vendor\\laravel\\framework\\src\\Illuminate\\Pipeline\\Pipeline.php(180): Illuminate\\Session\\Middleware\\StartSession->handle(Object(Illuminate\\Http\\Request), Object(Closure))
#19 E:\\php_8_1_2\\htdocs\\webhook_stripe\\vendor\\laravel\\framework\\src\\Illuminate\\Cookie\\Middleware\\AddQueuedCookiesToResponse.php(37): Illuminate\\Pipeline\\Pipeline->Illuminate\\Pipeline\\{closure}(Object(Illuminate\\Http\\Request))
#20 E:\\php_8_1_2\\htdocs\\webhook_stripe\\vendor\\laravel\\framework\\src\\Illuminate\\Pipeline\\Pipeline.php(180): Illuminate\\Cookie\\Middleware\\AddQueuedCookiesToResponse->handle(Object(Illuminate\\Http\\Request), Object(Closure))
#21 E:\\php_8_1_2\\htdocs\\webhook_stripe\\vendor\\laravel\\framework\\src\\Illuminate\\Cookie\\Middleware\\EncryptCookies.php(67): Illuminate\\Pipeline\\Pipeline->Illuminate\\Pipeline\\{closure}(Object(Illuminate\\Http\\Request))
#22 E:\\php_8_1_2\\htdocs\\webhook_stripe\\vendor\\laravel\\framework\\src\\Illuminate\\Pipeline\\Pipeline.php(180): Illuminate\\Cookie\\Middleware\\EncryptCookies->handle(Object(Illuminate\\Http\\Request), Object(Closure))
#23 E:\\php_8_1_2\\htdocs\\webhook_stripe\\vendor\\laravel\\framework\\src\\Illuminate\\Pipeline\\Pipeline.php(116): Illuminate\\Pipeline\\Pipeline->Illuminate\\Pipeline\\{closure}(Object(Illuminate\\Http\\Request))
#24 E:\\php_8_1_2\\htdocs\\webhook_stripe\\vendor\\laravel\\framework\\src\\Illuminate\\Routing\\Router.php(799): Illuminate\\Pipeline\\Pipeline->then(Object(Closure))
#25 E:\\php_8_1_2\\htdocs\\webhook_stripe\\vendor\\laravel\\framework\\src\\Illuminate\\Routing\\Router.php(776): Illuminate\\Routing\\Router->runRouteWithinStack(Object(Illuminate\\Routing\\Route), Object(Illuminate\\Http\\Request))
#26 E:\\php_8_1_2\\htdocs\\webhook_stripe\\vendor\\laravel\\framework\\src\\Illuminate\\Routing\\Router.php(740): Illuminate\\Routing\\Router->runRoute(Object(Illuminate\\Http\\Request), Object(Illuminate\\Routing\\Route))
#27 E:\\php_8_1_2\\htdocs\\webhook_stripe\\vendor\\laravel\\framework\\src\\Illuminate\\Routing\\Router.php(729): Illuminate\\Routing\\Router->dispatchToRoute(Object(Illuminate\\Http\\Request))
#28 E:\\php_8_1_2\\htdocs\\webhook_stripe\\vendor\\laravel\\framework\\src\\Illuminate\\Foundation\\Http\\Kernel.php(190): Illuminate\\Routing\\Router->dispatch(Object(Illuminate\\Http\\Request))
#29 E:\\php_8_1_2\\htdocs\\webhook_stripe\\vendor\\laravel\\framework\\src\\Illuminate\\Pipeline\\Pipeline.php(141): Illuminate\\Foundation\\Http\\Kernel->Illuminate\\Foundation\\Http\\{closure}(Object(Illuminate\\Http\\Request))
#30 E:\\php_8_1_2\\htdocs\\webhook_stripe\\vendor\\laravel\\framework\\src\\Illuminate\\Foundation\\Http\\Middleware\\TransformsRequest.php(21): Illuminate\\Pipeline\\Pipeline->Illuminate\\Pipeline\\{closure}(Object(Illuminate\\Http\\Request))
#31 E:\\php_8_1_2\\htdocs\\webhook_stripe\\vendor\\laravel\\framework\\src\\Illuminate\\Foundation\\Http\\Middleware\\ConvertEmptyStringsToNull.php(31): Illuminate\\Foundation\\Http\\Middleware\\TransformsRequest->handle(Object(Illuminate\\Http\\Request), Object(Closure))
#32 E:\\php_8_1_2\\htdocs\\webhook_stripe\\vendor\\laravel\\framework\\src\\Illuminate\\Pipeline\\Pipeline.php(180): Illuminate\\Foundation\\Http\\Middleware\\ConvertEmptyStringsToNull->handle(Object(Illuminate\\Http\\Request), Object(Closure))
#33 E:\\php_8_1_2\\htdocs\\webhook_stripe\\vendor\\laravel\\framework\\src\\Illuminate\\Foundation\\Http\\Middleware\\TransformsRequest.php(21): Illuminate\\Pipeline\\Pipeline->Illuminate\\Pipeline\\{closure}(Object(Illuminate\\Http\\Request))
#34 E:\\php_8_1_2\\htdocs\\webhook_stripe\\vendor\\laravel\\framework\\src\\Illuminate\\Foundation\\Http\\Middleware\\TrimStrings.php(40): Illuminate\\Foundation\\Http\\Middleware\\TransformsRequest->handle(Object(Illuminate\\Http\\Request), Object(Closure))
#35 E:\\php_8_1_2\\htdocs\\webhook_stripe\\vendor\\laravel\\framework\\src\\Illuminate\\Pipeline\\Pipeline.php(180): Illuminate\\Foundation\\Http\\Middleware\\TrimStrings->handle(Object(Illuminate\\Http\\Request), Object(Closure))
#36 E:\\php_8_1_2\\htdocs\\webhook_stripe\\vendor\\laravel\\framework\\src\\Illuminate\\Foundation\\Http\\Middleware\\ValidatePostSize.php(27): Illuminate\\Pipeline\\Pipeline->Illuminate\\Pipeline\\{closure}(Object(Illuminate\\Http\\Request))
#37 E:\\php_8_1_2\\htdocs\\webhook_stripe\\vendor\\laravel\\framework\\src\\Illuminate\\Pipeline\\Pipeline.php(180): Illuminate\\Foundation\\Http\\Middleware\\ValidatePostSize->handle(Object(Illuminate\\Http\\Request), Object(Closure))
#38 E:\\php_8_1_2\\htdocs\\webhook_stripe\\vendor\\laravel\\framework\\src\\Illuminate\\Foundation\\Http\\Middleware\\PreventRequestsDuringMaintenance.php(86): Illuminate\\Pipeline\\Pipeline->Illuminate\\Pipeline\\{closure}(Object(Illuminate\\Http\\Request))
#39 E:\\php_8_1_2\\htdocs\\webhook_stripe\\vendor\\laravel\\framework\\src\\Illuminate\\Pipeline\\Pipeline.php(180): Illuminate\\Foundation\\Http\\Middleware\\PreventRequestsDuringMaintenance->handle(Object(Illuminate\\Http\\Request), Object(Closure))
#40 E:\\php_8_1_2\\htdocs\\webhook_stripe\\vendor\\laravel\\framework\\src\\Illuminate\\Http\\Middleware\\HandleCors.php(49): Illuminate\\Pipeline\\Pipeline->Illuminate\\Pipeline\\{closure}(Object(Illuminate\\Http\\Request))
#41 E:\\php_8_1_2\\htdocs\\webhook_stripe\\vendor\\laravel\\framework\\src\\Illuminate\\Pipeline\\Pipeline.php(180): Illuminate\\Http\\Middleware\\HandleCors->handle(Object(Illuminate\\Http\\Request), Object(Closure))
#42 E:\\php_8_1_2\\htdocs\\webhook_stripe\\vendor\\laravel\\framework\\src\\Illuminate\\Http\\Middleware\\TrustProxies.php(39): Illuminate\\Pipeline\\Pipeline->Illuminate\\Pipeline\\{closure}(Object(Illuminate\\Http\\Request))
#43 E:\\php_8_1_2\\htdocs\\webhook_stripe\\vendor\\laravel\\framework\\src\\Illuminate\\Pipeline\\Pipeline.php(180): Illuminate\\Http\\Middleware\\TrustProxies->handle(Object(Illuminate\\Http\\Request), Object(Closure))
#44 E:\\php_8_1_2\\htdocs\\webhook_stripe\\vendor\\laravel\\framework\\src\\Illuminate\\Pipeline\\Pipeline.php(116): Illuminate\\Pipeline\\Pipeline->Illuminate\\Pipeline\\{closure}(Object(Illuminate\\Http\\Request))
#45 E:\\php_8_1_2\\htdocs\\webhook_stripe\\vendor\\laravel\\framework\\src\\Illuminate\\Foundation\\Http\\Kernel.php(165): Illuminate\\Pipeline\\Pipeline->then(Object(Closure))
#46 E:\\php_8_1_2\\htdocs\\webhook_stripe\\vendor\\laravel\\framework\\src\\Illuminate\\Foundation\\Http\\Kernel.php(134): Illuminate\\Foundation\\Http\\Kernel->sendRequestThroughRouter(Object(Illuminate\\Http\\Request))
#47 E:\\php_8_1_2\\htdocs\\webhook_stripe\\public\\index.php(52): Illuminate\\Foundation\\Http\\Kernel->handle(Object(Illuminate\\Http\\Request))
#48 E:\\php_8_1_2\\htdocs\\webhook_stripe\\vendor\\laravel\\framework\\src\\Illuminate\\Foundation\\resources\\server.php(16): require_once('E:\\\\php_8_1_2\\\\ht...')
#49 {main}
"} 
[2026-04-24 16:19:44] local.DEBUG: Stripe webhook ignored {"event_type":"customer.created"} 
[2026-04-24 16:19:45] local.DEBUG: Stripe webhook ignored {"event_type":"payment_intent.created"} 
[2026-04-24 16:21:00] local.DEBUG: Stripe webhook ignored {"event_type":"customer.updated"} 
[2026-04-24 16:21:01] local.WARNING: Stripe event {"event":"payment_intent.succeeded","mapped_status":2} 
[2026-04-24 16:21:02] local.WARNING: pspTransaction table update {"status":"succeeded"} 
[2026-04-24 16:21:02] local.WARNING: Stripe event {"event":"charge.succeeded","mapped_status":1} 
[2026-04-24 16:21:02] local.WARNING: pspTransaction table update {"status":"succeeded"} 
[2026-04-24 16:21:04] local.DEBUG: Stripe webhook ignored {"event_type":"charge.updated"} 
[2026-04-24 16:23:44] local.DEBUG: Stripe webhook ignored {"event_type":"customer.created"} 
[2026-04-24 16:23:45] local.DEBUG: Stripe webhook ignored {"event_type":"payment_intent.created"} 
[2026-04-24 16:28:07] local.DEBUG: Stripe webhook ignored {"event_type":"customer.created"} 
[2026-04-24 16:28:08] local.DEBUG: Stripe webhook ignored {"event_type":"payment_intent.created"} 
[2026-04-24 16:30:31] local.DEBUG: Stripe webhook ignored {"event_type":"customer.created"} 
[2026-04-24 16:30:37] local.DEBUG: Stripe webhook ignored {"event_type":"payment_intent.created"} 
[2026-04-24 16:31:59] local.DEBUG: Stripe webhook ignored {"event_type":"customer.created"} 
[2026-04-24 16:32:01] local.DEBUG: Stripe webhook ignored {"event_type":"payment_intent.created"} 
[2026-04-24 16:34:18] local.DEBUG: Stripe webhook ignored {"event_type":"payment_intent.created"} 
[2026-04-24 16:34:19] local.DEBUG: Stripe webhook ignored {"event_type":"customer.created"} 
[2026-04-24 16:34:31] local.DEBUG: Stripe webhook ignored {"event_type":"customer.created"} 
[2026-04-24 16:34:32] local.DEBUG: Stripe webhook ignored {"event_type":"payment_intent.created"} 
[2026-04-24 16:39:29] local.DEBUG: Stripe webhook ignored {"event_type":"customer.created"} 
[2026-04-24 16:39:31] local.DEBUG: Stripe webhook ignored {"event_type":"payment_intent.created"} 
[2026-04-24 16:39:57] local.DEBUG: Stripe webhook ignored {"event_type":"customer.created"} 
[2026-04-24 16:39:58] local.DEBUG: Stripe webhook ignored {"event_type":"payment_intent.created"} 
